// Jest Snapshot v1, https://goo.gl/fbAQLP

exports[`Render should render component 1`] = `
<div>
  <Component>
    Organization profile
  </Component>
  <form
    className="css-11gxx35"
    name="orgForm"
    onSubmit={[Function]}
  >
    <Component
      label="Organization name"
    >
      <Input
        onChange={[Function]}
        type="text"
        value="Main org"
      />
    </Component>
    <Button
      type="submit"
    >
      Submit
    </Button>
  </form>
</div>
`;
